[['ME', 'ME', 'ME', 'MI', 'MJ', 'MJ', 'MJ', 'CB', 'CB', 'MF', 'MF', 'MF', 'NJ', 'NJ', 'NJ', 'NJ', 'NJ', 'MB', 'MB', 'MB', 'MB', 'MB', 'MB', 'MB', 'CB', 'MM', 'MM', 'MM', 'MM', 'MC', 'MC', 'MC', 'MC', 'MC', 'MC', 'MC', 'MC', 'MC', 'MC', 'MC', 'MC', 'MC'],
 ['ME', 'ME', 'ME', 'MI', 'MJ', 'MJ', 'MJ', 'CB', 'CB', 'MF', 'MF', 'MF', 'NJ', 'NJ', 'NL', 'NJ', 'NJ', 'MB', 'MB', 'MB', 'MB', 'MB', 'MB', 'MB', 'CB', 'MM', 'MM', 'MM', 'MM', 'MC', 'MC', 'MC', 'MC', 'MC', 'MC', 'MC', 'MC', 'MC', 'MC', 'MC', 'MC', 'MC'],
 ['MA', 'MA', 'MA', 'MA', 'MA', 'MA', 'MA', 'MA', 'MA', 'MF', 'MF', 'MF', 'NJ', 'NJ', 'NJ', 'NJ', 'NJ', 'MB', 'MB', 'MB', 'MB', 'MB', 'MB', 'MB', 'CB', 'MM', 'MM', 'MM', 'MM', 'MC', 'MC', 'MC', 'MC', 'MC', 'MC', 'MC', 'MC', 'MC', 'MC', 'MC', 'MC', 'MC'],
 ['MA', 'MA', 'MA', 'MA', 'MA', 'MA', 'MA', 'MA', '--', 'MF', 'MF', 'MF', 'NJ', 'NJ', 'NJ', 'NJ', 'NJ', 'MB', 'MB', 'MB', 'MB', 'MB', 'MB', 'MB', 'CB', 'MM', 'MM', 'MM', 'MM', 'MC', 'MC', 'MC', 'MC', 'MC', 'MC', 'MC', 'MC', 'MC', 'MC', 'MC', 'MC', 'MC'],
 ['MR', 'MR', 'MR', 'MR', 'MR', 'MR', 'MR', 'MO', 'MO', 'MF', 'MF', 'MF', 'NJ', 'NJ', 'NJ', 'NJ', 'NJ', 'MB', 'MB', 'MB', 'MB', 'MB', 'MB', 'MB', 'CB', 'MM', 'MM', 'TT', 'MM', 'MC', 'MC', 'MC', 'MC', 'MC', 'MG', 'MG', 'MG', 'MG', 'MG', 'MG', 'MG', 'MG'],
 ['MR', 'MR', 'MR', 'MR', 'MR', 'MS', 'MS', 'QN', 'CC', 'MF', 'MF', 'CB', 'NJ', 'NJ', 'NJ', 'NJ', 'NJ', 'MB', 'MB', 'MB', 'MB', 'MB', 'MB', 'MB', 'CB', 'TS', 'TS', 'TS', 'TS', 'MG', 'MG', 'MG', 'MG', 'MG', 'MG', 'MG', 'MG', 'MG', 'MG', 'MG', 'MG', 'MG'],
 ['GA', 'GA', 'GA', 'GA', 'GA', 'GA', 'CA', 'CA', 'RU', 'RU', 'RU', 'RU', 'NJ', 'NJ', 'RT', 'RT', 'RT', 'MB', 'MB', 'MB', 'MB', 'MB', 'MB', 'MB', 'CB', 'MB', 'MI', 'MI', 'MI', 'MG', 'MG', 'MG', 'MG', 'MG', 'MG', 'MG', 'MG', 'MG', 'MG', 'MG', 'MG', 'MG'],
 ['GA', 'GA', 'GA', 'GA', 'GA', 'GA', 'CA', 'CA', 'ML', 'ML', 'CC', 'CB', 'CB', 'CB', 'RT', 'RT', 'NJ', 'MB', 'MB', 'QP', 'CA', 'TC', 'CC', 'CC', 'CC', 'MH', 'MH', 'MH', 'MH', 'MG', 'MG', 'MG', 'MG', 'MG', 'MG', 'MG', 'MG', 'MG', 'MG', 'MG', 'MG', 'MG'],
 ['GA', 'GA', 'GA', 'GA', 'GA', 'GA', 'MP', 'MP', 'MP', 'MK', 'MK', 'MK', 'MK', 'MK', 'MK', 'MK', 'MK', 'MK', 'MK', 'MK', 'MK', 'HQ', 'TC', 'CC', 'TH', 'TB', 'TD', 'MU', 'MU', 'MV', 'MU', 'MV', 'MG', 'MG', 'MG', 'MG', 'MG', 'MG', 'MG', 'MG', 'MG', 'MG'],
 ['GA', 'GA', 'GA', 'GA', 'GA', 'GA', 'MP', 'MP', 'MP', 'MK', 'MK', 'MK', 'MK', 'MK', 'MK', 'MK', 'MK', 'MK', 'MK', 'MK', 'MK', 'TH', 'TC', 'CC', 'TH', 'RR', 'TD', 'MU', 'MU', 'MV', 'MU', 'MV', 'MG', 'MG', 'MG', 'MG', 'MG', 'MG', 'MG', 'MG', 'MG', 'MG'],
 ['MT', 'MT', 'MT', 'MT', 'MT', 'MT', 'MT', 'CA', 'ML', 'ML', 'CC', 'CB', 'CB', 'CB', 'RT', 'RT', 'NJ', 'MB', 'MB', 'QP', 'CA', 'TC', 'CC', 'CC', 'CC', 'MH', 'MH', 'MH', 'MH', 'MG', 'MG', 'MG', 'MG', 'MG', 'MG', 'MG', 'MG', 'MG', 'MG', 'MG', 'MG', 'MG'],
 ['MT', 'MT', 'MT', 'MT', 'MT', 'MT', 'MT', 'CA', 'RU', 'RU', 'RU', 'RU', 'NJ', 'NJ', 'RT', 'RT', 'RT', 'MB', 'MB', 'MB', 'MB', 'MB', 'MB', 'MB', 'CB', 'MB', 'MI', 'MI', 'MI', 'MG', 'MG', 'MG', 'MG', 'MG', 'MG', 'MG', 'MG', 'MG', 'MG', 'MG', 'MG', 'MG'],
 ['MT', 'MT', 'MT', 'MT', 'MT', 'MT', 'MT', 'QN', 'CC', 'MF', 'MF', 'CB', 'NJ', 'NJ', 'NJ', 'NJ', 'NJ', 'MB', 'MB', 'MB', 'MB', 'MB', 'MB', 'MB', 'CB', 'TS', 'TS', 'TS', 'TS', 'MG', 'MG', 'MG', 'MG', 'MG', 'MG', 'MG', 'MG', 'MG', 'MG', 'MG', 'MG', 'MG'],
 ['MT', 'MT', 'MT', 'PL', 'PL', 'PL', 'JQ', 'MO', 'MO', 'MF', 'MF', 'MF', 'NJ', 'NJ', 'NJ', 'NJ', 'NJ', 'MB', 'MB', 'MB', 'MB', 'MB', 'MB', 'MB', 'CB', 'MM', 'MM', 'TT', 'MM', 'MC', 'MC', 'MC', 'MC', 'MC', 'MG', 'MG', 'MG', 'MG', 'MG', 'MG', 'MG', 'MG'],
 ['MA', 'MA', 'MA', 'MA', 'MA', 'MA', 'MA', 'MA', 'CA', 'MF', 'MF', 'MF', 'NJ', 'NJ', 'NJ', 'NJ', 'NJ', 'MB', 'MB', 'MB', 'MB', 'MB', 'MB', 'MB', 'CB', 'MM', 'MM', 'MM', 'MM', 'MC', 'MC', 'MC', 'MC', 'MC', 'MC', 'MC', 'MC', 'MC', 'MC', 'MC', 'MC', 'MC'],
 ['MA', 'MA', 'MA', 'MA', 'MA', 'MA', 'MA', 'MA', 'MA', 'MF', 'MF', 'MF', 'NJ', 'NJ', 'NJ', 'NJ', 'NJ', 'MB', 'MB', 'MB', 'MB', 'MB', 'MB', 'MB', 'CB', 'MM', 'MM', 'MM', 'MM', 'MC', 'MC', 'MC', 'MC', 'MC', 'MC', 'MC', 'MC', 'MC', 'MC', 'MC', 'MC', 'MC'],
 ['ME', 'ME', 'ME', 'MI', 'MJ', 'MJ', 'MJ', 'CB', 'CB', 'MF', 'MF', 'MF', 'NJ', 'NJ', 'NL', 'NJ', 'NJ', 'MB', 'MB', 'MB', 'MB', 'MB', 'MB', 'MB', 'CB', 'MM', 'MM', 'MM', 'MM', 'MC', 'MC', 'MC', 'MC', 'MC', 'MC', 'MC', 'MC', 'MC', 'MC', 'MC', 'MC', 'MC'],
 ['ME', 'ME', 'ME', 'MI', 'MJ', 'MJ', 'MJ', 'CB', 'CB', 'MF', 'MF', 'MF', 'NJ', 'NJ', 'NJ', 'NJ', 'NJ', 'MB', 'MB', 'MB', 'MB', 'MB', 'MB', 'MB', 'CB', 'MM', 'MM', 'MM', 'MM', 'MC', 'MC', 'MC', 'MC', 'MC', 'MC', 'MC', 'MC', 'MC', 'MC', 'MC', 'MC', 'MC']]
