[['IA', 'IA', 'IA', 'IA', 'IA', 'IA', 'IA', 'IA', 'IA', 'IA', 'IA', 'IA', 'IA', 'IA', 'IA', 'HB', 'HC', 'HC', 'CZ', 'PD', 'RV', 'PD', 'HC', 'HC', 'HB', 'IA', 'IA', 'IA', 'IA', 'IA', 'IA', 'IA', 'IA', 'IA', 'IA', 'IA', 'IA', 'IA', 'IA', 'IA', 'IT', 'IT'],
 ['IA', 'IA', 'IA', 'IA', 'IA', 'IA', 'IA', 'IA', 'IA', 'IA', 'IA', 'IA', 'IA', 'IA', 'IA', 'HB', 'HC', 'HC', 'HC', 'HC', 'HC', 'HC', 'HC', 'HC', 'HB', 'IA', 'IA', 'IA', 'IA', 'IA', 'IA', 'IA', 'IA', 'IA', 'IA', 'IA', 'IA', 'IA', 'IA', 'IA', 'IT', 'IT'],
 ['IA', 'IA', 'IA', 'IA', 'IA', 'IA', 'IA', 'IA', 'IA', 'IA', 'IA', 'IA', 'IA', 'IA', 'IA', 'HB', 'HB', 'AP', 'HC', 'HC', 'HC', 'HC', 'AQ', 'HB', 'IA', 'IA', 'IA', 'IA', 'IA', 'IA', 'IA', 'IA', 'IA', 'IA', 'IA', 'IA', 'IA', 'IA', 'IA', 'IA', 'IT', 'IT'],
 ['IA', 'IA', 'IA', 'IA', 'IA', 'IA', 'IA', 'IA', 'IA', 'IA', 'IA', 'IA', 'IA', 'IA', 'IA', 'IB', 'IB', 'IB', 'IB', 'IB', 'IB', 'AJ', 'AJ', 'AJ', 'AJ', 'IA', 'IA', 'IA', 'IA', 'IA', 'IA', 'IA', 'IA', 'IA', 'IA', 'IA', 'IA', 'IA', 'IA', 'IA', 'IT', 'IT'],
 ['ID', 'ID', 'ID', 'ID', 'ID', 'ID', 'ID', 'ID', 'TQ', 'CX', 'CQ', 'IK', 'JY', 'JX', 'TD', 'TC', 'TC', 'AJ', 'AJ', 'AJ', 'AJ', 'AJ', 'TC', 'TC', 'TD', 'HH', 'HH', 'TH', 'TC', 'TC', 'HL', 'CJ', 'IV', 'IV', 'AR', 'HS', 'HT', 'JQ', 'JQ', 'JQ', 'IT', 'IT'],
 ['CK', 'CK', 'CK', 'IC', 'CK', 'AK', 'CK', 'CK', 'CK', 'CK', 'IC', 'CK', 'CK', 'CK', 'IC', 'CK', 'TC', 'CK', 'CK', 'CK', 'AG', 'TL', 'IO', 'IO', 'IO', 'IO', 'HI', 'HI', 'HI', 'HI', 'HG', 'IY', 'HV', 'AM', 'IO', 'IO', 'AL', 'JS', 'TC', 'KL', 'JQ', 'CR'],
 ['IC', 'IC', 'IC', 'IC', 'IC', 'IC', 'IC', 'IC', 'IC', 'IC', 'IC', 'IC', 'CK', 'IC', 'CK', 'IC', 'IC', 'IC', 'TC', 'TH', 'IV', 'IV', 'IV', 'IV', 'IV', 'HJ', 'HK', 'HM', 'HN', 'AO', 'HA', 'HA', 'HU', 'IR', 'IR', 'CO', 'PD', 'HC', 'IV', 'TH', 'JQ', 'JQ'],
 ['IG', 'AN', 'IG', 'IG', 'IG', 'IG', 'IG', 'IG', 'II', 'II', 'II', 'II', 'IH', 'IH', 'IH', 'IH', 'TC', 'TC', 'TC', 'CK', 'PL', 'HY', 'IS', 'TL', 'TD', 'IO', 'IO', 'QA', 'QB', 'QK', 'QA', 'QB', 'IX', 'IR', 'IR', 'RV', 'IR', 'IZ', 'IZ', 'IZ', 'IZ', 'IZ'],
 ['IE', 'IE', 'IE', 'IE', 'IE', 'IE', 'IE', 'IE', 'IE', 'IE', 'IE', 'IE', 'IE', 'IE', 'IE', 'IE', 'IE', 'IE', 'IE', 'IE', 'IL', 'HQ', 'TD', 'TD', 'TD', 'IU', 'IU', 'IU', 'IU', 'IU', 'IU', 'IU', 'IU', 'IJ', 'IJ', 'IR', 'IR', 'JQ', 'JQ', 'CR', 'IZ', 'IZ'],
 ['IF', 'IF', 'IF', 'IF', 'IF', 'IF', 'IF', 'IF', 'IF', 'IF', 'IF', 'IF', 'IF', 'IF', 'IF', 'IF', 'IF', 'IF', 'IF', 'IF', 'IL', 'CW', 'CW', 'CW', 'CW', 'IJ', 'IJ', 'IJ', 'IJ', 'IJ', 'IJ', 'IJ', 'IJ', 'IJ', 'IJ', 'IR', 'CH', 'IR', 'PL', 'JQ', 'IZ', 'IZ'],
 ['IM', 'IM', 'IM', 'IM', 'CP', 'CP', 'CP', 'CP', 'CP', 'CP', 'CP', 'CP', 'CP', 'CP', 'CP', 'CP', 'CP', 'CP', 'CP', 'CP', 'IL', 'IL', 'CW', 'IL', 'IL', 'IJ', 'IJ', 'IJ', 'IJ', 'IJ', 'IJ', 'IJ', 'IJ', 'IJ', 'IJ', 'TH', 'IR', 'PL', 'TI', 'IZ', 'IZ', 'IZ'],
 ['IN', 'IN', 'IN', 'IN', 'IN', 'IN', 'IN', 'IN', 'IN', 'IN', 'IN', 'IN', 'IN', 'IN', 'IN', 'IN', 'IN', 'IN', 'IN', 'IN', 'IN', 'IN', 'IL', 'IL', 'IL', 'IJ', 'IJ', 'IW', 'IW', 'IW', 'IW', 'IW', 'IW', 'IW', 'IW', 'JD', 'JD', 'JD', 'JD', 'JD', 'IZ', 'IZ'],
 ['IP', 'IP', 'IP', 'IP', 'IP', 'IP', 'IP', 'CE', 'TC', 'JZ', 'TL', 'IQ', 'IQ', 'IQ', 'IQ', 'IQ', 'IQ', 'IQ', 'IQ', 'ID', 'JV', 'ID', 'JV', 'ID', 'ID', 'ID', 'ID', 'MQ', 'MQ', 'MD', 'IH', 'PL', 'CG', 'ID', 'JE', 'JE', 'JE', 'JE', 'JE', 'JE', 'IZ', 'IZ'],
 ['QT', 'QT', 'QT', 'QT', 'QT', 'QT', 'TL', 'TC', 'TC', 'TR', 'II', 'II', 'II', 'II', 'CX', 'CX', 'HW', 'HW', 'HW', 'HW', 'TC', 'TD', 'PY', 'HC', 'HC', 'HC', 'HC', 'PY', 'TC', 'TC', 'JC', 'JC', 'JC', 'JC', 'JC', 'JC', 'JC', 'JC', 'JC', 'PI', 'PI', 'PI'],
 ['JF', 'JF', 'JF', 'JF', 'JF', 'JF', 'CD', 'CD', 'CD', 'CD', 'QS', 'IR', 'HZ', 'JR', 'JR', 'JR', 'TJ', 'TC', 'CI', 'TC', 'TC', 'JA', 'JA', 'JA', 'JA', 'JA', 'JA', 'JA', 'JA', 'QR', 'AI', 'HC', 'AI', 'CR', 'JQ', 'DY', 'TH', 'TO', 'TC', 'JK', 'SL', 'PI'],
 ['JB', 'JB', 'JB', 'JB', 'JB', 'JB', 'JB', 'JB', 'JB', 'JU', 'TC', 'TC', 'HA', 'QC', 'QC', 'QC', 'QC', 'TH', 'TR', 'AH', 'TQ', 'QB', 'QB', 'QB', 'QB', 'QB', 'QB', 'QB', 'QB', 'QB', 'QB', 'QB', 'QB', 'QK', 'JO', 'JP', 'JL', 'TD', 'JN', 'JM', 'TC', 'TC'],
 ['KX', 'JG', 'JG', 'CU', 'CV', 'AC', 'HC', 'HC', 'PD', 'PD', 'PD', 'PD', 'RV', 'RV', 'PA', 'PA', 'PA', 'TM', 'SM', 'TL', 'CF', 'TE', 'TE', 'TE', 'TE', 'TD', 'TE', 'TE', 'TE', 'JT', 'TC', 'TP', 'TD', 'JH', 'JH', 'JH', 'JH', 'JH', 'JH', 'JH', 'JH', 'JH'],
 ['QB', 'QB', 'QB', 'QB', 'QB', 'QB', 'QC', 'QC', 'TJ', 'TJ', 'TJ', 'TJ', 'QO', 'QK', 'QK', 'QK', 'QK', 'QK', 'QK', 'PB', 'PB', 'PB', 'PB', 'PB', 'PB', 'PJ', 'PJ', 'PA', 'PA', 'PA', 'PA', 'PA', 'PA', 'PA', 'HC', 'HC', 'QQ', 'CM', 'TL', 'JH', 'JH', 'JH']]
