[['RD', 'RD', 'RD', 'RD', 'RD', 'RD', 'RD', 'RD', 'RD', 'RD', 'RD', 'RD', 'RH', 'RH', 'RH', 'RH', 'RH', 'TC', 'RH', 'RH', 'RH', 'RH', 'RH', 'RH', 'RH', 'RH', 'RH', 'RH', 'TC', 'HC', 'RH', 'RH', 'RH', '--', 'HC', 'HC', 'RA', 'RA', 'RA', 'RA', 'RA', 'RA'],
 ['RF', 'RF', 'RF', 'RF', 'RF', 'RF', 'RF', 'RF', 'RF', 'TC', 'HC', 'HC', 'RH', 'RH', 'RH', 'RH', 'RH', 'RH', 'RH', 'HC', 'TC', 'RH', 'RH', 'RH', 'HF', '--', 'RH', 'RH', 'RH', 'RH', 'RH', 'RH', 'RH', 'RH', 'TC', 'HC', 'RA', 'RA', 'RA', 'RA', 'RA', 'RA'],
 ['RF', 'RF', 'RF', 'RF', 'RF', 'RF', 'RF', 'RF', 'RF', 'TC', 'HF', 'RD', 'RD', 'RD', 'RD', 'RD', 'RD', '--', 'HC', 'RE', 'RE', 'RE', 'RE', 'RE', 'RE', 'HC', 'RC', 'RC', 'RC', 'RC', 'RC', 'HC', 'HF', '--', 'TC', 'HC', 'RA', 'RA', 'RA', 'RA', 'RA', 'RA'],
 ['RF', 'RF', 'RF', 'RF', 'RF', 'RF', 'RF', 'RF', 'RF', 'TC', 'TD', 'RD', 'RD', 'RD', 'RD', 'RD', 'RD', 'HC', 'TC', 'RE', 'RE', 'RE', 'RE', 'RE', 'RE', '--', 'RC', 'RC', 'RC', 'RC', 'RC', 'HC', 'HC', 'RA', 'RA', 'RA', 'RA', 'RA', 'RA', 'RA', 'RA', 'RA'],
 ['RF', 'RF', 'RF', 'RF', 'RF', 'RF', 'RF', 'RF', 'RF', 'TC', 'IV', 'RD', 'RD', 'RD', 'RD', 'RD', 'RD', 'HC', 'HC', 'RE', 'RE', 'RE', 'RE', 'RE', 'RE', 'RG', 'RG', 'TD', 'TD', 'TQ', 'TC', 'HC', 'HC', 'RA', 'RA', 'RA', 'RA', 'RA', 'RA', 'RA', 'RA', 'RA'],
 ['TC', 'TC', 'TC', 'TC', 'TC', 'TC', 'TC', 'TC', 'TC', 'TC', '--', 'RD', 'RD', 'RD', 'RD', 'RD', 'RD', 'HC', 'TC', 'RE', 'RE', 'RE', 'RE', 'RE', 'RE', 'RG', 'RG', 'RG', 'RG', 'RG', 'RG', 'RG', 'RG', 'RG', 'RG', '--', 'TC', 'RA', 'RA', 'RA', 'RA', 'RA'],
 ['RF', 'RF', 'RF', 'RF', 'RF', 'RF', 'RF', 'RF', 'RF', 'TC', '--', 'RD', 'RD', 'RD', 'RD', 'RD', 'RD', 'HC', '--', 'RD', 'RD', 'RD', 'RD', 'RD', 'RD', 'PI', 'RB', 'RB', 'RG', 'RG', 'RG', 'RG', 'RG', 'RG', 'TC', 'RE', 'PI', 'RA', 'RA', 'RA', 'RA', 'HC'],
 ['RF', 'RF', 'RF', 'RF', 'RF', 'RF', 'RF', 'RF', 'RF', 'TC', '--', 'RC', 'RC', 'RC', 'RC', 'HC', 'RC', 'RC', '--', 'HC', 'RC', 'RC', 'RC', '--', 'TD', 'IT', 'RB', 'RB', 'RG', 'RG', 'RG', 'RG', 'RG', 'RG', 'TC', 'IV', 'RA', 'RA', 'RA', 'RA', 'RA', 'RA'],
 ['RF', 'RF', 'RF', 'RF', 'RF', 'RF', 'RF', 'RF', 'RF', 'TH', '--', '--', 'TD', 'HC', 'HC', 'HC', 'HC', 'TC', 'TC', '--', 'TD', 'HQ', '--', 'TC', 'TC', 'PI', 'PI', 'RB', 'RG', 'RG', 'RG', 'RG', 'RG', 'RG', 'TC', 'IV', '--', 'HC', 'HC', 'TC', 'HC', 'HC'],
 ['RF', 'RF', 'RF', 'RF', 'RF', 'RF', 'RF', 'RF', 'RF', 'TH', 'RC', 'RC', 'RC', 'RC', 'RC', 'RC', 'RC', 'RC', 'RC', 'RE', 'RE', 'RE', 'RE', 'RE', 'RE', 'PI', 'PI', 'PI', 'RG', 'RG', 'RG', 'RG', 'RG', 'RG', 'TC', 'PY', 'RA', 'RA', 'RA', 'RA', 'RA', 'RA'],
 ['TC', 'TC', 'TC', 'TC', 'TC', 'HF', 'HF', '--', 'TH', 'TH', 'TC', '--', 'IV', 'TC', 'TD', '--', '--', 'HC', 'HC', 'HC', 'IV', 'IV', 'TC', 'TI', 'HF', '--', 'RG', 'RG', 'RG', 'RG', 'RG', 'RG', 'RB', 'RB', 'IV', 'IV', 'RA', 'RA', 'RA', 'RA', 'RA', 'RA'],
 ['RF', 'RF', 'RF', 'RF', 'RF', 'RF', 'RF', 'RF', 'RF', 'RF', 'RF', 'RF', 'IV', 'TC', 'TC', 'RD', 'RD', 'RD', 'RD', 'RD', 'HC', 'RD', 'RD', 'RD', 'RD', 'PL', 'RG', 'RG', 'RG', 'RG', 'RG', 'RG', 'HF', 'PI', 'RG', 'RG', 'RG', 'RG', 'RG', 'RG', 'RG', 'RG'],
 ['RF', 'RF', 'RF', 'RF', 'RF', 'RF', 'RF', 'RF', 'RF', 'RF', 'RF', 'RF', 'IV', 'TC', 'TC', 'RD', 'RD', 'RD', 'RD', 'RD', 'HC', 'RD', 'RD', 'RD', 'RD', 'TD', 'HC', 'TD', 'RC', 'RC', 'RC', 'RC', 'RC', 'PI', 'RG', 'RG', 'RG', 'RG', 'RG', 'RG', 'RG', 'RG'],
 ['RF', 'RF', 'RF', 'RF', 'RF', 'RF', 'RF', 'RF', 'RF', 'RF', 'RF', 'RF', '--', 'TC', 'TC', 'RD', 'RD', 'RD', 'RD', 'RD', 'HC', 'RD', 'RD', 'RD', 'RD', 'HC', 'HC', 'TD', 'RC', 'RC', 'RC', 'RC', 'RC', 'TC', 'RG', 'RG', 'RG', 'RG', 'RG', 'RG', 'RG', 'RG'],
 ['RF', 'RF', 'RF', 'RF', 'RF', 'RF', 'RF', 'RF', 'RF', 'RF', 'RF', 'RF', 'RF', 'TC', 'TC', 'RD', 'RD', 'RD', 'RD', 'RD', 'IV', 'RD', 'RD', 'RD', 'RD', 'HC', 'RH', 'RH', 'RH', 'RH', 'RH', 'RH', 'RH', 'RH', 'TC', 'TC', 'IV', 'RA', 'RA', 'RA', 'RA', 'RA'],
 ['RF', 'RF', 'RF', 'RF', 'RF', 'RF', 'RF', 'RF', 'RF', 'RF', 'RF', 'RF', 'RF', '--', '--', 'HC', 'HC', 'HF', 'HF', 'HF', 'HF', '--', 'TH', 'RH', 'RH', 'RH', 'RH', 'RH', 'RH', 'RH', 'RH', 'RH', 'RH', 'TC', 'TC', 'TD', 'TD', 'RA', 'RA', 'RA', 'RA', 'RA'],
 ['RF', 'RF', 'RF', 'RF', 'RF', 'RF', 'RF', 'RF', 'RF', 'RF', 'HC', 'HC', 'RH', 'RH', 'RH', 'RH', 'RH', 'RH', 'RH', 'RH', 'RH', 'TC', 'TC', 'RH', 'RH', 'RH', 'RH', 'RH', 'RH', 'RH', 'RH', 'RH', 'TC', 'RH', 'RH', 'RH', 'RH', 'RH', 'RH', 'RH', 'RH', 'RH'],
 ['RD', 'RD', 'RD', 'RD', 'RD', 'RD', 'RD', 'RD', 'RD', 'RD', 'RD', 'RD', 'RH', 'RH', 'RH', 'RH', 'RH', 'RH', 'RH', 'RH', 'RH', 'TC', 'TD', 'RH', 'RH', 'RH', 'RH', 'RH', 'RH', 'RH', 'RH', 'RH', 'TC', 'RH', 'RH', 'RH', 'RH', 'RH', 'RH', 'RH', 'RH', 'RH']]
