[['RA', 'RA', 'RA', 'RA', 'RA', 'RA', 'RA', 'RA', 'RG', 'RG', 'RG', 'RG', 'HF', 'HF', 'RC', 'RC', 'RE', 'RE', 'RE', 'RE', 'RE', 'RE', 'RE', 'RE', 'RE', 'RE', 'RL', 'RL', 'RL', 'RL', 'RL', 'RL', 'RL', 'RL', 'RL', 'RL', 'RL', 'RL', 'RL', 'RL', 'RL', 'RL'],
 ['RA', 'RA', 'RA', 'RA', 'RA', 'RA', 'RA', 'RA', 'RG', 'RG', 'RG', 'RG', 'HF', 'HF', 'RC', 'RC', 'RE', 'RE', 'RE', 'RE', 'RE', 'RE', 'RE', 'RE', 'RE', 'RE', 'RL', 'RL', 'RL', 'RL', 'RL', 'RL', 'RL', 'RL', 'RL', 'RL', 'RL', 'RL', 'RL', 'RL', 'RL', 'RL'],
 ['RA', 'RA', 'RA', 'RA', 'RA', 'RA', 'RA', 'RA', 'RG', 'RG', 'RG', 'RG', 'HF', 'HF', 'RC', 'RC', 'KG', 'KG', 'KG', 'KG', 'KG', 'KG', 'KG', 'KG', 'KG', 'KG', 'KG', 'KG', 'RL', 'RL', 'RL', 'RL', 'RL', 'RL', 'RD', 'RD', 'RJ', 'RJ', 'RJ', 'RJ', 'RJ', 'RJ'],
 ['RA', 'RA', 'RA', 'RA', 'RA', 'RA', 'RA', 'RA', 'RG', 'RG', 'RG', 'RN', 'HF', 'HF', 'RC', 'RC', 'KG', 'KG', 'KG', 'KG', 'KG', 'KG', 'KG', 'KG', 'KG', 'KG', 'KG', 'KG', 'RL', 'RL', 'RL', 'RL', 'RL', 'RL', 'RD', 'RQ', 'RJ', 'RJ', 'RJ', 'RJ', 'RJ', 'RJ'],
 ['PI', 'RA', 'RA', 'RA', 'RA', 'RA', 'HC', 'HF', 'RG', 'RG', 'RG', 'RG', 'HF', 'HF', 'RC', 'RC', 'RP', 'RP', 'RP', 'RP', 'RP', 'RP', 'RP', 'RP', 'RK', 'RK', 'RK', 'RK', 'RL', 'RL', 'RL', 'RL', 'RL', 'RL', 'RL', 'RL', 'RL', 'RL', 'RL', 'RL', 'RL', 'RL'],
 ['PI', 'PI', 'IV', 'IV', 'IV', 'HF', 'IH', 'HF', 'RG', 'RG', 'RG', 'RN', 'HF', 'HF', 'RC', 'RC', 'RP', 'RP', 'RP', 'RP', 'RP', 'RP', 'RK', 'RK', 'RK', 'RP', 'RK', 'RK', 'RJ', 'RJ', 'RJ', 'RJ', 'RJ', 'RJ', 'RJ', 'RJ', 'RJ', 'RJ', 'RJ', 'RJ', 'RJ', 'RJ'],
 ['PI', 'PI', 'TC', 'TC', 'RB', 'RB', 'RB', 'RB', 'IV', 'IV', 'PI', 'TC', 'TC', 'TC', 'TC', 'PI', 'TL', 'TL', 'KR', 'KR', 'HC', 'HC', 'HC', 'HC', 'KC', 'KC', 'KC', 'KC', 'KC', 'KC', 'KC', 'TA', 'TI', 'RS', 'RJ', 'RJ', 'RJ', 'RJ', 'RJ', 'RJ', 'RJ', 'RJ'],
 ['PI', 'IT', 'MR', 'MR', 'MR', 'JQ', 'TD', 'TC', 'TL', 'TC', 'RM', 'RM', 'RM', 'RM', 'RM', 'RM', 'MR', 'MR', 'KQ', 'TH', 'TD', 'TH', 'HC', 'KV', 'TC', 'TC', 'FA', 'FA', 'FA', 'FA', 'FA', 'FA', 'FA', 'FA', 'FA', 'FA', 'FA', 'FA', 'FA', 'FB', 'FB', 'FB'],
 ['KE', 'KE', 'KE', 'KE', 'KE', 'KE', 'KE', 'KE', 'KE', 'KE', 'KE', 'KE', 'KE', 'KE', 'KE', 'CA', 'CT', 'TH', 'KN', 'IP', 'HQ', 'TH', 'TD', 'TI', 'TL', 'CA', 'FA', 'FA', 'FA', 'FA', 'FA', 'FA', 'FA', 'FE', 'FE', 'FE', 'FE', 'FE', 'FC', 'FD', 'FB', 'FB'],
 ['KP', 'KP', 'KP', 'KM', 'KM', 'KM', 'KA', 'KA', 'KA', 'KA', 'KA', 'KB', 'KB', 'KB', 'KB', 'KB', 'TC', 'TC', 'KS', 'KS', 'CA', 'CA', 'PD', 'CB', 'FE', 'FE', 'FE', 'FE', 'FE', 'FE', 'FE', 'FE', 'FE', 'FE', 'FE', 'FE', 'FE', 'FE', 'FE', 'FD', 'FD', 'FD'],
 ['KA', 'KA', 'KA', 'KA', 'KA', 'KA', 'KA', 'KA', 'KA', 'KA', 'KA', 'KB', 'KB', 'KB', 'KB', 'KB', 'TD', 'TC', 'KS', 'KS', 'ND', 'ND', 'ND', 'ND', 'ND', 'ND', 'NU', 'NU', 'NV', 'KW', 'NM', 'NM', 'NM', 'NM', 'QB', 'QB', 'QB', 'QB', 'NO', 'NN', 'NY', '--'],
 ['KA', 'KA', 'KT', 'KT', 'KT', 'KT', 'KT', 'KT', 'CS', 'CS', 'CS', 'KB', 'KB', 'KO', 'KO', 'KO', 'TD', 'TC', 'CA', 'MI', 'ND', 'ND', 'ND', 'ND', 'ND', 'ND', 'NR', 'NS', 'NT', 'TD', 'NC', 'CA', 'CA', 'CA', 'CA', 'TC', 'NQ', 'NP', 'TC', 'TH', 'NI', 'QC'],
 ['RM', 'RM', 'RM', 'RM', 'RM', 'CB', 'CA', 'CA', 'CB', 'CA', 'CA', 'CA', 'CA', 'CA', 'CA', 'CA', 'CA', 'CB', 'CB', 'CA', 'ND', 'ND', 'ND', 'ND', 'ND', 'ND', 'NR', 'NU', 'NK', 'NG', 'NE', 'NE', 'NE', 'NE', 'NE', 'NE', 'NE', 'NE', 'NE', 'NE', 'NE', 'NE'],
 ['RM', 'RM', 'RM', 'RM', 'CA', 'CB', 'CA', 'CA', 'CB', 'CA', 'CA', 'CA', 'CA', 'CA', 'CA', 'CB', 'MH', 'MH', 'MH', 'ND', 'ND', 'ND', 'ND', 'ND', 'ND', 'ND', 'NB', 'NG', 'NK', 'NK', 'NH', 'NH', 'NH', 'NH', 'NH', 'NE', 'NE', 'NE', 'NE', 'NE', 'NE', 'NE'],
 ['QF', 'QF', 'QF', 'QF', 'QF', 'QF', 'QF', 'QF', 'QF', 'QF', 'QF', 'QF', 'QF', 'QF', 'QF', 'MI', 'NA', 'NA', 'NA', 'NG', 'NK', 'NK', 'NG', 'NK', 'NK', 'NG', 'NK', 'NK', 'NG', 'NK', 'NK', 'TI', 'NH', 'NH', 'NH', 'NE', 'NE', 'NE', 'NE', 'NE', 'NE', 'NE'],
 ['QF', 'KF', 'KF', 'KF', 'KF', 'QF', 'QF', 'QF', 'QF', 'QF', 'QF', 'QF', 'QF', 'QF', 'QF', 'MJ', 'NA', 'NA', 'NA', 'NG', 'NG', 'NK', 'NG', 'NG', 'NK', 'NG', 'NG', 'NW', 'NG', 'NG', 'CA', 'CA', 'NF', 'NF', 'NF', 'NF', 'CB', 'CA', 'CB', 'CA', 'NF', 'NF'],
 ['QF', 'QF', 'QF', 'QF', 'QF', 'QF', 'QF', 'QF', 'QF', 'QF', 'QF', 'QF', 'QF', 'QF', 'QF', 'MJ', 'NA', 'NA', 'NA', 'NK', 'NG', 'NG', 'NK', 'NG', 'NG', 'NK', 'NG', 'NG', 'NK', 'NG', 'CA', 'CA', 'NF', 'NF', 'NF', 'NF', 'NF', 'NF', 'NF', 'NF', 'NF', 'NF'],
 ['QF', 'QF', 'QF', 'QF', 'QF', 'QF', 'QF', 'QF', 'QF', 'QF', 'QF', 'QF', 'QF', 'QF', 'QF', 'MJ', 'NA', 'NA', 'NA', 'NG', 'NK', 'NG', 'NG', 'NK', 'NG', 'NG', 'NK', 'NG', 'NG', 'NW', 'CA', 'CA', 'NF', 'NF', 'NF', 'NF', 'NF', 'NF', 'NF', 'NF', 'NF', 'NF']]
